// Jest Snapshot v1, https://goo.gl/fbAQLP

exports[`App screen Snapshot App screen Snapshot 1`] = `
<View>
  <Text>
    App Component
  </Text>
</View>
`;
